[?7h[40m[2J[26C[0;34múúÄÄ[1mÄÄ[37m´[CT[34mH[0;34mî[CT’Vî[1mR[37mN[CÃ[34mÄÄ[0;34mÄÄúú[2;24H[1;30mThe[CTavern[Cis[Chot[Cand[Cwreaks[Cof[3;23Hliquor..[CA[Cdrink[Cwould[Cbe[Cnice..[4;33H[0;34múúÄÄ[1mÄÄ[37m´Ã[34mÄÄ[0;34mÄÄúú[6;22H[31mú[1;37mO[0;31mú[1;34mR[0;34mDîR[CA[CDRiNK[5C[31mú[1;37mB[0;31mú[1;34mU[0;34mLLîTiNS[7;22H[31mú[1;37mG[0;31mú[1;34m’[0;34mMBLî[CSOMî[7C[31mú[1;37mT[0;31mú[1;34m’[0;34mLK[CWiTH[CPîîRS[8;22H[31mú[1;37mN[0;31mú[1;34mî[0;34mWS[COF[CTHî[CD’Y[3C[31mú[1;37mR[0;31mú[1;34mî[0;34mTURN[CTO[CM’P[10;33HúúÄÄ[1mÄÄ[37m´Ã[34mÄÄ[0;34mÄÄúú[0m