[?7h[40m[2J[2;27H[0;34múúÄÄ[1mÄÄ[37m´[CT[34mH[0;34mî[CHî’L[1mî[37mR[CÃ[34mÄÄ[0;34mÄÄúú[3;19H[1;30mYou[Center[Ca[Csmall[Chut[Chidden[Cwithin[Cthe[4;17Hforest.[2CThe[CHealer[Cwaits[Cfor[Cyou[Cto[Cdecide[5;28Hwhat[Cyou[Cwant[Chim[Cto[Cdo...[6;33H[0;34múúÄÄ[1mÄÄ[37m´Ã[34mÄÄ[0;34mÄÄúú[8;24H[31mú[1;37mH[0;31mú[1;34mî[0;34m’L[C’LL[CWOUNDS[C[31mú[1;37mS[0;31mú[1;34mO[0;34mMî[CWOUNDS[9;24H[31mú[1;37mR[0;31mú[1;34mî[0;34mTURN[CTO[CM’P[11;33HúúÄÄ[1mÄÄ[37m´Ã[34mÄÄ[0;34mÄÄúú[0m