[?7h[40m[2J[2;28H[0;34múúÄÄ[1mÄÄ[37m´[CT[34mH[0;34mî[Ci[1mN[37mN[CÃ[34mÄÄ[0;34mÄÄúú[3;22H[1;30mYou[Center[Cthe[Cinn,[Cand[Cwonder[Cwhat[4;21Hyou[Cshould[Cdo...[CIt[CWOULD[Cbe[Cnice[Cto[5;20Hcatch[Cforty[Cwinks,[Cbut[Cyou've[Calso[Cgot[6;31Hsome[Cother[Cideas....[7;33H[0;34múúÄÄ[1mÄÄ[37m´Ã[34mÄÄ[0;34mÄÄúú[9;25H[31mú[1;37mG[0;31mú[1;34mî[0;34mT[CROOM[6C[31mú[1;37mT[0;31mú[1;34m’[0;34mLK[CTO[CiNKîîPîR[10;25H[31mú[1;37mS[0;31mú[1;34mT[0;34mî’L[CKîYS[4C[31mú[1;37mY[0;31mú[1;34mî[0;34mLL[COUT[11;25H[31mú[1;37mN[0;31mú[1;34mî[0;34mWS[10C[31mú[1;37mR[0;31mú[1;34mî[0;34mTURN[CTO[CM’P[13;33HúúÄÄ[1mÄÄ[37m´Ã[34mÄÄ[0;34mÄÄúú[0m